 
****************************************
Report : port
Design : UART_RX
Version: K-2015.06
Date   : Tue Dec 13 02:41:11 2022
****************************************



Attributes:
    d - dont_touch_network

                       Pin      Wire     Max     Max     Connection
Port           Dir     Load     Load     Trans   Cap     Class      Attrs
--------------------------------------------------------------------------------
CLK            in      0.0000   0.0000   --      --      --         d
PAR_EN         in      0.0000   0.0000    1.50    0.18   --         
PAR_TYP        in      0.0000   0.0000    1.50    0.18   --         
Prescale[0]    in      0.0000   0.0000    1.50    0.18   --         
Prescale[1]    in      0.0000   0.0000    1.50    0.18   --         
Prescale[2]    in      0.0000   0.0000    1.50    0.18   --         
Prescale[3]    in      0.0000   0.0000    1.50    0.18   --         
Prescale[4]    in      0.0000   0.0000    1.50    0.18   --         
RST            in      0.0000   0.0000   --      --      --         d
RX_IN          in      0.0000   0.0000    1.50    0.18   --         
P_DATA[0]      out     2.0000   0.0000   --      --      --         
P_DATA[1]      out     2.0000   0.0000   --      --      --         
P_DATA[2]      out     2.0000   0.0000   --      --      --         
P_DATA[3]      out     2.0000   0.0000   --      --      --         
P_DATA[4]      out     2.0000   0.0000   --      --      --         
P_DATA[5]      out     2.0000   0.0000   --      --      --         
P_DATA[6]      out     2.0000   0.0000   --      --      --         
P_DATA[7]      out     2.0000   0.0000   --      --      --         
data_valid     out     2.0000   0.0000   --      --      --         

1
